


ARM Macro Assembler    Page 1 


    1 00000000         ; BCD to Gray Code Decoder
    2 00000000         
    3 00000000                 AREA             TEST,CODE,READONLY
    4 00000000         ENTRY
    5 00000000 E3A00038        MOV              R0, #0x38
    6 00000004 E1A01000        MOV              R1, R0
    7 00000008 E02020A1        EOR              R2,R0,R1,LSR #01
    8 0000000C EAFFFFFE 
                       stop    B                stop
    9 00000010                 END
Command Line: --debug --xref --apcs=interwork -oexp4_code.o -IC:\Keil\ARM\INC -
IC:\Keil\ARM\INC\Philips --predefine="__EVAL SETA 1" --list=exp4_code.lst exp4_
code.s



ARM Macro Assembler    Page 1 Alphabetic symbol ordering
Relocatable symbols

ENTRY 00000000

Symbol: ENTRY
   Definitions
      At line 4 in file exp4_code.s
   Uses
      None
Comment: ENTRY unused
TEST 00000000

Symbol: TEST
   Definitions
      At line 3 in file exp4_code.s
   Uses
      None
Comment: TEST unused
stop 0000000C

Symbol: stop
   Definitions
      At line 8 in file exp4_code.s
   Uses
      At line 8 in file exp4_code.s
Comment: stop used once
3 symbols
323 symbols in table
