<html>
<body>
<pre>
<h1>µVision Build Log</h1>
<h2>Project:</h2>
C:\Users\Ketan\Desktop\SEM 7\ESD practiacls\exp4\exp4.uvproj
Project File Date:  07/28/2026

<h2>Output:</h2>
Build target 'Target 1'
assembling exp4_code.s...
assembling gray_to_bcd.s...
..\exp2\gray_to_bcd.s(3): warning: A1865W: '#' not seen before constant expression
linking...
Program Size: Code=60 RO-data=0 RW-data=0 ZI-data=0  
"exp4.axf" - 0 Error(s), 1 Warning(s).
Build target 'Target 1'
linking...
Program Size: Code=44 RO-data=0 RW-data=0 ZI-data=0  
"exp4.axf" - 0 Error(s), 0 Warning(s).
Build target 'Target 1'
assembling gray_to_bcd.s...
..\exp2\gray_to_bcd.s(3): warning: A1865W: '#' not seen before constant expression
linking...
Program Size: Code=44 RO-data=0 RW-data=0 ZI-data=0  
"exp4.axf" - 0 Error(s), 1 Warning(s).
Build target 'Target 1'
assembling gray_to_bcd.s...
linking...
Program Size: Code=44 RO-data=0 RW-data=0 ZI-data=0  
"exp4.axf" - 0 Error(s), 0 Warning(s).
Build target 'Target 1'
assembling gray_to_bcd.s...
linking...
Program Size: Code=44 RO-data=0 RW-data=0 ZI-data=0  
"exp4.axf" - 0 Error(s), 0 Warning(s).
Build target 'Target 1'
assembling gray_to_bcd.s...
linking...
Program Size: Code=44 RO-data=0 RW-data=0 ZI-data=0  
"exp4.axf" - 0 Error(s), 0 Warning(s).
