


ARM Macro Assembler    Page 1 


    1 00000000                 AREA             TEST,CODE,READONLY
    2 00000000         ENTRY
    3 00000000 E3A00010        MOV              R0, #0x10
    4 00000004 E1A01000        MOV              R1,R0
    5 00000008 E0202521        EOR              R2,R0,R1,LSR #10
    6 0000000C         
    7 0000000C E1A03002        MOV              R3,R2
    8 00000010 E1A04003        MOV              R4,R3
    9 00000014 E3A05007        MOV              R5,#07
   10 00000018 E0236524 
                       AGAIN   EOR              R6,R3,R4,LSR #10
   11 0000001C E1A04006        MOV              R4,R6
   12 00000020 E2555001        SUBS             R5,R5,#01
   13 00000024 1AFFFFFB        BNE              AGAIN
   14 00000028         
   15 00000028 EAFFFFFE 
                       STOP    B                STOP
   16 0000002C                 END
Command Line: --debug --xref --apcs=interwork -o.\gray_to_bcd.o -IC:\Keil\ARM\I
NC -IC:\Keil\ARM\INC\Philips --predefine="__EVAL SETA 1" --list=.\gray_to_bcd.l
st ..\exp2\gray_to_bcd.s



ARM Macro Assembler    Page 1 Alphabetic symbol ordering
Relocatable symbols

AGAIN 00000018

Symbol: AGAIN
   Definitions
      At line 10 in file ..\exp2\gray_to_bcd.s
   Uses
      At line 13 in file ..\exp2\gray_to_bcd.s
Comment: AGAIN used once
ENTRY 00000000

Symbol: ENTRY
   Definitions
      At line 2 in file ..\exp2\gray_to_bcd.s
   Uses
      None
Comment: ENTRY unused
STOP 00000028

Symbol: STOP
   Definitions
      At line 15 in file ..\exp2\gray_to_bcd.s
   Uses
      At line 15 in file ..\exp2\gray_to_bcd.s
Comment: STOP used once
TEST 00000000

Symbol: TEST
   Definitions
      At line 1 in file ..\exp2\gray_to_bcd.s
   Uses
      None
Comment: TEST unused
4 symbols
324 symbols in table
