<html>
<body>
<pre>
<h1>µVision Build Log</h1>
<h2>Project:</h2>
C:\Users\Ketan\Desktop\ESD practiacls\addition, subtraction, Multiplication & Division of 16-bit number\exp1.uvproj
Project File Date:  07/02/2026

<h2>Output:</h2>
compiling C:\Keil\ARM\INC\Philips\LPC214X.H...
Build target 'Target 1'
assembling exp1.s...
exp1.s(1): error: A1163E: Unknown opcode test, , expecting opcode or Macro
exp1.s(2): error: A1105E: Area directive missing
exp1.s(2): warning: A1088W: Faking declaration of area AREA |$$$$$$$|
Target not created
Build target 'Target 1'
assembling exp1.s...
linking...
Program Size: Code=36 RO-data=0 RW-data=0 ZI-data=0  
"exp1.axf" - 0 Error(s), 0 Warning(s).
