


ARM Macro Assembler    Page 1 


    1 00000000                 AREA             TEST,CODE,READONLY
    2 00000000         ENTRY
    3 00000000 E3A0100A        MOV              R1,#10
    4 00000004 E2412001        SUB              R2,R1,#01
    5 00000008 E1A03002        MOV              R3, R2
    6 0000000C E0010192 
                       again   MUL              R1,R2,R1
    7 00000010 E2422001        SUB              R2,R2, #01
    8 00000014 E2533001        SUBS             R3,R3, #01
    9 00000018 1AFFFFFB        BNE              again
   10 0000001C EAFFFFFE 
                       STOP    B                STOP
   11 00000020                 END
Command Line: --debug --xref --apcs=interwork -oexp2_code.o -IC:\Keil\ARM\INC -
IC:\Keil\ARM\INC\Philips --predefine="__EVAL SETA 1" --list=exp2_code.lst exp2_
code.s



ARM Macro Assembler    Page 1 Alphabetic symbol ordering
Relocatable symbols

ENTRY 00000000

Symbol: ENTRY
   Definitions
      At line 2 in file exp2_code.s
   Uses
      None
Comment: ENTRY unused
STOP 0000001C

Symbol: STOP
   Definitions
      At line 10 in file exp2_code.s
   Uses
      At line 10 in file exp2_code.s
Comment: STOP used once
TEST 00000000

Symbol: TEST
   Definitions
      At line 1 in file exp2_code.s
   Uses
      None
Comment: TEST unused
again 0000000C

Symbol: again
   Definitions
      At line 6 in file exp2_code.s
   Uses
      At line 9 in file exp2_code.s
Comment: again used once
4 symbols
324 symbols in table
