


ARM Macro Assembler    Page 1 


    1 00000000                 AREA             TEST, CODE, READONLY
    2 00000000         ENTRY
    3 00000000         
    4 00000000 E1DF01B0        LDRH             R0, VAL1
    5 00000004 E1DF11B0        LDRH             R1, VAL2
    6 00000008         
    7 00000008 E1A02000        MOV              R2, R0
    8 0000000C E1A00001        MOV              R0, R1
    9 00000010 E1A01002        MOV              R1, R2
   10 00000014         
   11 00000014 EAFFFFFE 
                       Stop    B                Stop
   12 00000018         
   13 00000018 00001122 
                       VAL1    DCD              0x1122
   14 0000001C 00003344 
                       VAL2    DCD              0x3344
   15 00000020         
   16 00000020                 END
Command Line: --debug --xref --apcs=interwork -o.\16_bit_swap.o -IC:\Keil\ARM\I
NC -IC:\Keil\ARM\INC\Philips --predefine="__EVAL SETA 1" --predefine="__MICROLI
B SETA 1" --list=.\16_bit_swap.lst ..\16bitswap\16_bit_swap.s



ARM Macro Assembler    Page 1 Alphabetic symbol ordering
Relocatable symbols

ENTRY 00000000

Symbol: ENTRY
   Definitions
      At line 2 in file ..\16bitswap\16_bit_swap.s
   Uses
      None
Comment: ENTRY unused
Stop 00000014

Symbol: Stop
   Definitions
      At line 11 in file ..\16bitswap\16_bit_swap.s
   Uses
      At line 11 in file ..\16bitswap\16_bit_swap.s
Comment: Stop used once
TEST 00000000

Symbol: TEST
   Definitions
      At line 1 in file ..\16bitswap\16_bit_swap.s
   Uses
      None
Comment: TEST unused
VAL1 00000018

Symbol: VAL1
   Definitions
      At line 13 in file ..\16bitswap\16_bit_swap.s
   Uses
      At line 4 in file ..\16bitswap\16_bit_swap.s
Comment: VAL1 used once
VAL2 0000001C

Symbol: VAL2
   Definitions
      At line 14 in file ..\16bitswap\16_bit_swap.s
   Uses
      At line 5 in file ..\16bitswap\16_bit_swap.s
Comment: VAL2 used once
5 symbols
326 symbols in table
