


ARM Macro Assembler    Page 1 


    1 00000000                 AREA             TEST,CODE,READONLY
    2 00000000         Entry
    3 00000000 E59F0010        LDR              R0,VAL1
    4 00000004 E59F1010        LDR              R1,VAL2
    5 00000008 E1A02000        MOV              R2,R0
    6 0000000C E1A00001        MOV              R0,R1
    7 00000010 E1A01002        MOV              R1,R2
    8 00000014 EAFFFFFE 
                       Stop    b                Stop
    9 00000018 11112222 
                       VAL1    DCD              0x11112222
   10 0000001C 33334444 
                       VAL2    DCD              0x33334444
   11 00000020                 END
Command Line: --debug --xref --apcs=interwork -o32bitswap_code.o -IC:\Keil\ARM\
INC -IC:\Keil\ARM\INC\Philips --predefine="__EVAL SETA 1" --predefine="__MICROL
IB SETA 1" --list=32bitswap_code.lst 32bitswap_code.s



ARM Macro Assembler    Page 1 Alphabetic symbol ordering
Relocatable symbols

Entry 00000000

Symbol: Entry
   Definitions
      At line 2 in file 32bitswap_code.s
   Uses
      None
Comment: Entry unused
Stop 00000014

Symbol: Stop
   Definitions
      At line 8 in file 32bitswap_code.s
   Uses
      At line 8 in file 32bitswap_code.s
Comment: Stop used once
TEST 00000000

Symbol: TEST
   Definitions
      At line 1 in file 32bitswap_code.s
   Uses
      None
Comment: TEST unused
VAL1 00000018

Symbol: VAL1
   Definitions
      At line 9 in file 32bitswap_code.s
   Uses
      At line 3 in file 32bitswap_code.s
Comment: VAL1 used once
VAL2 0000001C

Symbol: VAL2
   Definitions
      At line 10 in file 32bitswap_code.s
   Uses
      At line 4 in file 32bitswap_code.s
Comment: VAL2 used once
5 symbols
326 symbols in table
