<html>
<body>
<pre>
<h1>µVision Build Log</h1>
<h2>Project:</h2>
C:\Users\Ketan\Desktop\SEM 7\ESD practiacls\exp7\exp7.uvproj
Project File Date:  07/28/2026

<h2>Output:</h2>
Build target 'Target 1'
assembling Startup.s...
linking...
exp7.axf: Warning: L6665W: Neither Lib$$Request$$armlib Lib$$Request$$cpplib defined, not searching ARM libraries.
exp7.axf: Error: L6411W: No compatible library exists with a definition of startup symbol __main.
Target not created
Build target 'Target 1'
compiling exp7_code.c...
exp7_code.c(8): error:  #65: expected a ";"
exp7_code.c(23): warning:  #1-D: last line of file ends without a newline
Target not created
Build target 'Target 1'
compiling exp7_code.c...
exp7_code.c(8): error:  #65: expected a ";"
exp7_code.c(25): warning:  #1-D: last line of file ends without a newline
Target not created
Build target 'Target 1'
compiling exp7_code.c...
exp7_code.c(8): error:  #65: expected a ";"
exp7_code.c(25): warning:  #1-D: last line of file ends without a newline
Target not created
Build target 'Target 1'
compiling exp7_code.c...
exp7_code.c(25): warning:  #1-D: last line of file ends without a newline
linking...
Program Size: Code=616 RO-data=16 RW-data=0 ZI-data=1256  
"exp7.axf" - 0 Error(s), 1 Warning(s).
Build target 'Target 1'
compiling exp7_code.c...
exp7_code.c(25): warning:  #1-D: last line of file ends without a newline
linking...
Program Size: Code=616 RO-data=16 RW-data=0 ZI-data=1256  
"exp7.axf" - 0 Error(s), 1 Warning(s).
Build target 'Target 1'
compiling exp7_code.c...
exp7_code.c(25): warning:  #1-D: last line of file ends without a newline
linking...
Program Size: Code=616 RO-data=16 RW-data=0 ZI-data=1256  
"exp7.axf" - 0 Error(s), 1 Warning(s).
Build target 'Target 1'
compiling exp7_code.c...
linking...
Program Size: Code=616 RO-data=16 RW-data=0 ZI-data=1256  
"exp7.axf" - 0 Error(s), 0 Warning(s).
Build target 'Target 1'
compiling exp7_code.c...
linking...
Program Size: Code=616 RO-data=16 RW-data=0 ZI-data=1256  
FromELF: creating hex file...
"exp7.axf" - 0 Error(s), 0 Warning(s).
Build target 'Target 1'
assembling Startup.s...
compiling exp7_code.c...
linking...
Program Size: Code=616 RO-data=16 RW-data=0 ZI-data=1256  
FromELF: creating hex file...
"exp7.axf" - 0 Error(s), 0 Warning(s).
Build target 'Target 1'
compiling exp7_code.c...
linking...
Program Size: Code=616 RO-data=16 RW-data=0 ZI-data=1256  
FromELF: creating hex file...
"exp7.axf" - 0 Error(s), 0 Warning(s).
Build target 'Target 1'
compiling exp7_code.c...
linking...
Program Size: Code=612 RO-data=16 RW-data=0 ZI-data=1256  
FromELF: creating hex file...
"exp7.axf" - 0 Error(s), 0 Warning(s).
